  error - The getter 'l10n' isn't defined for the type 'BuildContext'. Try importing the library that defines 'l10n', correcting the name to the name of an existing getter, or defining a getter or field named 'l10n' - lib\main.dart:242:32 - undefined_getter
  error - The getter 'l10n' isn't defined for the type 'BuildContext'. Try importing the library that defines 'l10n', correcting the name to the name of an existing getter, or defining a getter or field named 'l10n' - lib\main.dart:589:39 - undefined_getter
  error - The getter 'l10n' isn't defined for the type 'BuildContext'. Try importing the library that defines 'l10n', correcting the name to the name of an existing getter, or defining a getter or field named 'l10n' - lib\main.dart:710:60 - undefined_getter
  error - The getter 'l10n' isn't defined for the type 'BuildContext'. Try importing the library that defines 'l10n', correcting the name to the name of an existing getter, or defining a getter or field named 'l10n' - lib\main.dart:713:39 - undefined_getter
  error - The getter 'l10n' isn't defined for the type 'BuildContext'. Try importing the library that defines 'l10n', correcting the name to the name of an existing getter, or defining a getter or field named 'l10n' - lib\main.dart:727:31 - undefined_getter
  error - The getter 'l10n' isn't defined for the type 'BuildContext'. Try importing the library that defines 'l10n', correcting the name to the name of an existing getter, or defining a getter or field named 'l10n' - lib\main.dart:734:35 - undefined_getter
  error - Invalid constant value - lib\main.dart:788:38 - invalid_constant
  error - The getter 'l10n' isn't defined for the type 'BuildContext'. Try importing the library that defines 'l10n', correcting the name to the name of an existing getter, or defining a getter or field named 'l10n' - lib\main.dart:788:46 - undefined_getter
  error - The getter 'l10n' isn't defined for the type 'BuildContext'. Try importing the library that defines 'l10n', correcting the name to the name of an existing getter, or defining a getter or field named 'l10n' - lib\main.dart:850:48 - undefined_getter
  error - The getter 'l10n' isn't defined for the type 'BuildContext'. Try importing the library that defines 'l10n', correcting the name to the name of an existing getter, or defining a getter or field named 'l10n' - lib\main.dart:863:48 - undefined_getter
  error - Invalid constant value - lib\main.dart:892:39 - invalid_constant
  error - The getter 'l10n' isn't defined for the type 'BuildContext'. Try importing the library that defines 'l10n', correcting the name to the name of an existing getter, or defining a getter or field named 'l10n' - lib\main.dart:892:47 - undefined_getter
  error - Invalid constant value - lib\main.dart:920:41 - invalid_constant
  error - The getter 'l10n' isn't defined for the type 'BuildContext'. Try importing the library that defines 'l10n', correcting the name to the name of an existing getter, or defining a getter or field named 'l10n' - lib\main.dart:920:49 - undefined_getter
  error - Invalid constant value - lib\main.dart:965:43 - invalid_constant
  error - The getter 'l10n' isn't defined for the type 'BuildContext'. Try importing the library that defines 'l10n', correcting the name to the name of an existing getter, or defining a getter or field named 'l10n' - lib\main.dart:965:51 - undefined_getter
  error - The getter 'l10n' isn't defined for the type 'BuildContext'. Try importing the library that defines 'l10n', correcting the name to the name of an existing getter, or defining a getter or field named 'l10n' - lib\main.dart:973:51 - undefined_getter
  error - Invalid constant value - lib\main.dart:1083:29 - invalid_constant
  error - The getter 'l10n' isn't defined for the type 'BuildContext'. Try importing the library that defines 'l10n', correcting the name to the name of an existing getter, or defining a getter or field named 'l10n' - lib\main.dart:1083:37 - undefined_getter
  error - The getter 'l10n' isn't defined for the type 'BuildContext'. Try importing the library that defines 'l10n', correcting the name to the name of an existing getter, or defining a getter or field named 'l10n' - lib\main.dart:1125:39 - undefined_getter
  error - The getter 'l10n' isn't defined for the type 'BuildContext'. Try importing the library that defines 'l10n', correcting the name to the name of an existing getter, or defining a getter or field named 'l10n' - lib\main.dart:1129:39 - undefined_getter
  error - Invalid constant value - lib\main.dart:1159:27 - invalid_constant
  error - The getter 'l10n' isn't defined for the type 'BuildContext'. Try importing the library that defines 'l10n', correcting the name to the name of an existing getter, or defining a getter or field named 'l10n' - lib\main.dart:1159:35 - undefined_getter
  error - The getter 'l10n' isn't defined for the type 'BuildContext'. Try importing the library that defines 'l10n', correcting the name to the name of an existing getter, or defining a getter or field named 'l10n' - lib\main.dart:1213:31 - undefined_getter
  error - The getter 'l10n' isn't defined for the type 'BuildContext'. Try importing the library that defines 'l10n', correcting the name to the name of an existing getter, or defining a getter or field named 'l10n' - lib\main.dart:1246:25 - undefined_getter
  error - The getter 'l10n' isn't defined for the type 'BuildContext'. Try importing the library that defines 'l10n', correcting the name to the name of an existing getter, or defining a getter or field named 'l10n' - lib\main.dart:1253:25 - undefined_getter
  error - The getter 'l10n' isn't defined for the type 'BuildContext'. Try importing the library that defines 'l10n', correcting the name to the name of an existing getter, or defining a getter or field named 'l10n' - lib\main.dart:1260:25 - undefined_getter
  error - Invalid constant value - lib\main.dart:1290:27 - invalid_constant
  error - The getter 'l10n' isn't defined for the type 'BuildContext'. Try importing the library that defines 'l10n', correcting the name to the name of an existing getter, or defining a getter or field named 'l10n' - lib\main.dart:1290:35 - undefined_getter
  error - The getter 'l10n' isn't defined for the type 'BuildContext'. Try importing the library that defines 'l10n', correcting the name to the name of an existing getter, or defining a getter or field named 'l10n' - lib\main.dart:1357:30 - undefined_getter
  error - The getter 'l10n' isn't defined for the type 'BuildContext'. Try importing the library that defines 'l10n', correcting the name to the name of an existing getter, or defining a getter or field named 'l10n' - lib\main.dart:1362:32 - undefined_getter
  error - The getter 'l10n' isn't defined for the type 'BuildContext'. Try importing the library that defines 'l10n', correcting the name to the name of an existing getter, or defining a getter or field named 'l10n' - lib\main.dart:1366:32 - undefined_getter
  error - The getter 'l10n' isn't defined for the type 'BuildContext'. Try importing the library that defines 'l10n', correcting the name to the name of an existing getter, or defining a getter or field named 'l10n' - lib\main.dart:1372:32 - undefined_getter
  error - The getter 'l10n' isn't defined for the type 'BuildContext'. Try importing the library that defines 'l10n', correcting the name to the name of an existing getter, or defining a getter or field named 'l10n' - lib\main.dart:1376:73 - undefined_getter
  error - The getter 'l10n' isn't defined for the type 'BuildContext'. Try importing the library that defines 'l10n', correcting the name to the name of an existing getter, or defining a getter or field named 'l10n' - lib\main.dart:1385:84 - undefined_getter
  error - The getter 'l10n' isn't defined for the type 'BuildContext'. Try importing the library that defines 'l10n', correcting the name to the name of an existing getter, or defining a getter or field named 'l10n' - lib\main.dart:1388:70 - undefined_getter
  error - The getter 'l10n' isn't defined for the type 'BuildContext'. Try importing the library that defines 'l10n', correcting the name to the name of an existing getter, or defining a getter or field named 'l10n' - lib\main.dart:1389:70 - undefined_getter
  error - The getter 'l10n' isn't defined for the type 'BuildContext'. Try importing the library that defines 'l10n', correcting the name to the name of an existing getter, or defining a getter or field named 'l10n' - lib\main.dart:1526:48 - undefined_getter
  error - The getter 'l10n' isn't defined for the type 'BuildContext'. Try importing the library that defines 'l10n', correcting the name to the name of an existing getter, or defining a getter or field named 'l10n' - lib\main.dart:1626:34 - undefined_getter
  error - The getter 'l10n' isn't defined for the type 'BuildContext'. Try importing the library that defines 'l10n', correcting the name to the name of an existing getter, or defining a getter or field named 'l10n' - lib\main.dart:1630:34 - undefined_getter
  error - The getter 'l10n' isn't defined for the type 'BuildContext'. Try importing the library that defines 'l10n', correcting the name to the name of an existing getter, or defining a getter or field named 'l10n' - lib\main.dart:1661:46 - undefined_getter
  error - Invalid constant value - lib\main.dart:1697:22 - invalid_constant
  error - The getter 'l10n' isn't defined for the type 'BuildContext'. Try importing the library that defines 'l10n', correcting the name to the name of an existing getter, or defining a getter or field named 'l10n' - lib\main.dart:1697:30 - undefined_getter
  error - The getter 'l10n' isn't defined for the type 'BuildContext'. Try importing the library that defines 'l10n', correcting the name to the name of an existing getter, or defining a getter or field named 'l10n' - lib\main.dart:1713:61 - undefined_getter
  error - The getter 'l10n' isn't defined for the type 'BuildContext'. Try importing the library that defines 'l10n', correcting the name to the name of an existing getter, or defining a getter or field named 'l10n' - lib\main.dart:1728:45 - undefined_getter
  error - The getter 'l10n' isn't defined for the type 'BuildContext'. Try importing the library that defines 'l10n', correcting the name to the name of an existing getter, or defining a getter or field named 'l10n' - lib\main.dart:1728:101 - undefined_getter
  error - The getter 'l10n' isn't defined for the type 'BuildContext'. Try importing the library that defines 'l10n', correcting the name to the name of an existing getter, or defining a getter or field named 'l10n' - lib\main.dart:1739:37 - undefined_getter
  error - The getter 'l10n' isn't defined for the type 'BuildContext'. Try importing the library that defines 'l10n', correcting the name to the name of an existing getter, or defining a getter or field named 'l10n' - lib\main.dart:1747:37 - undefined_getter
  error - The getter 'l10n' isn't defined for the type 'BuildContext'. Try importing the library that defines 'l10n', correcting the name to the name of an existing getter, or defining a getter or field named 'l10n' - lib\main.dart:1754:33 - undefined_getter
  error - The getter 'l10n' isn't defined for the type 'BuildContext'. Try importing the library that defines 'l10n', correcting the name to the name of an existing getter, or defining a getter or field named 'l10n' - lib\main.dart:1896:115 - undefined_getter
  error - The getter 'l10n' isn't defined for the type 'BuildContext'. Try importing the library that defines 'l10n', correcting the name to the name of an existing getter, or defining a getter or field named 'l10n' - lib\main.dart:1904:42 - undefined_getter
  error - Invalid constant value - lib\main.dart:1907:56 - invalid_constant
  error - The getter 'l10n' isn't defined for the type 'BuildContext'. Try importing the library that defines 'l10n', correcting the name to the name of an existing getter, or defining a getter or field named 'l10n' - lib\main.dart:1907:64 - undefined_getter
  error - Invalid constant value - lib\main.dart:1914:140 - invalid_constant
  error - The getter 'l10n' isn't defined for the type 'BuildContext'. Try importing the library that defines 'l10n', correcting the name to the name of an existing getter, or defining a getter or field named 'l10n' - lib\main.dart:1914:148 - undefined_getter
  error - Invalid constant value - lib\main.dart:1916:136 - invalid_constant
  error - The getter 'l10n' isn't defined for the type 'BuildContext'. Try importing the library that defines 'l10n', correcting the name to the name of an existing getter, or defining a getter or field named 'l10n' - lib\main.dart:1916:144 - undefined_getter
  error - Invalid constant value - lib\main.dart:1918:102 - invalid_constant
  error - The getter 'l10n' isn't defined for the type 'BuildContext'. Try importing the library that defines 'l10n', correcting the name to the name of an existing getter, or defining a getter or field named 'l10n' - lib\main.dart:1918:110 - undefined_getter
  error - The getter 'l10n' isn't defined for the type 'BuildContext'. Try importing the library that defines 'l10n', correcting the name to the name of an existing getter, or defining a getter or field named 'l10n' - lib\main.dart:2011:115 - undefined_getter
  error - The getter 'l10n' isn't defined for the type 'BuildContext'. Try importing the library that defines 'l10n', correcting the name to the name of an existing getter, or defining a getter or field named 'l10n' - lib\main.dart:2021:20 - undefined_getter
  error - Invalid constant value - lib\main.dart:2023:84 - invalid_constant
  error - The getter 'l10n' isn't defined for the type 'BuildContext'. Try importing the library that defines 'l10n', correcting the name to the name of an existing getter, or defining a getter or field named 'l10n' - lib\main.dart:2023:92 - undefined_getter
  error - Invalid constant value - lib\main.dart:2038:115 - invalid_constant
  error - The getter 'l10n' isn't defined for the type 'BuildContext'. Try importing the library that defines 'l10n', correcting the name to the name of an existing getter, or defining a getter or field named 'l10n' - lib\main.dart:2038:123 - undefined_getter
  error - Invalid constant value - lib\main.dart:2045:86 - invalid_constant
  error - The getter 'l10n' isn't defined for the type 'BuildContext'. Try importing the library that defines 'l10n', correcting the name to the name of an existing getter, or defining a getter or field named 'l10n' - lib\main.dart:2045:94 - undefined_getter
  error - The getter 'l10n' isn't defined for the type 'BuildContext'. Try importing the library that defines 'l10n', correcting the name to the name of an existing getter, or defining a getter or field named 'l10n' - lib\main.dart:2051:100 - undefined_getter
  error - Invalid constant value - lib\main.dart:2061:95 - invalid_constant
  error - The getter 'l10n' isn't defined for the type 'BuildContext'. Try importing the library that defines 'l10n', correcting the name to the name of an existing getter, or defining a getter or field named 'l10n' - lib\main.dart:2061:103 - undefined_getter
  error - The getter 'l10n' isn't defined for the type 'BuildContext'. Try importing the library that defines 'l10n', correcting the name to the name of an existing getter, or defining a getter or field named 'l10n' - lib\main.dart:2061:139 - undefined_getter
  error - The getter 'l10n' isn't defined for the type 'BuildContext'. Try importing the library that defines 'l10n', correcting the name to the name of an existing getter, or defining a getter or field named 'l10n' - lib\main.dart:2093:28 - undefined_getter
  error - The getter 'l10n' isn't defined for the type 'BuildContext'. Try importing the library that defines 'l10n', correcting the name to the name of an existing getter, or defining a getter or field named 'l10n' - lib\main.dart:2094:28 - undefined_getter
  error - The getter 'l10n' isn't defined for the type 'BuildContext'. Try importing the library that defines 'l10n', correcting the name to the name of an existing getter, or defining a getter or field named 'l10n' - lib\main.dart:2110:31 - undefined_getter
  error - Invalid constant value - lib\main.dart:2119:30 - invalid_constant
  error - The getter 'l10n' isn't defined for the type 'BuildContext'. Try importing the library that defines 'l10n', correcting the name to the name of an existing getter, or defining a getter or field named 'l10n' - lib\main.dart:2119:38 - undefined_getter
  error - The getter 'l10n' isn't defined for the type 'BuildContext'. Try importing the library that defines 'l10n', correcting the name to the name of an existing getter, or defining a getter or field named 'l10n' - lib\main.dart:2133:35 - undefined_getter
  error - Invalid constant value - lib\main.dart:2170:57 - invalid_constant
  error - The getter 'l10n' isn't defined for the type 'BuildContext'. Try importing the library that defines 'l10n', correcting the name to the name of an existing getter, or defining a getter or field named 'l10n' - lib\main.dart:2170:65 - undefined_getter
  error - The getter 'l10n' isn't defined for the type 'BuildContext'. Try importing the library that defines 'l10n', correcting the name to the name of an existing getter, or defining a getter or field named 'l10n' - lib\main.dart:2232:49 - undefined_getter
  error - The getter 'l10n' isn't defined for the type 'BuildContext'. Try importing the library that defines 'l10n', correcting the name to the name of an existing getter, or defining a getter or field named 'l10n' - lib\main.dart:2355:103 - undefined_getter
  error - The getter 'l10n' isn't defined for the type 'BuildContext'. Try importing the library that defines 'l10n', correcting the name to the name of an existing getter, or defining a getter or field named 'l10n' - lib\main.dart:2360:28 - undefined_getter
  error - The getter 'l10n' isn't defined for the type 'BuildContext'. Try importing the library that defines 'l10n', correcting the name to the name of an existing getter, or defining a getter or field named 'l10n' - lib\main.dart:2440:42 - undefined_getter
  error - The getter 'l10n' isn't defined for the type 'BuildContext'. Try importing the library that defines 'l10n', correcting the name to the name of an existing getter, or defining a getter or field named 'l10n' - lib\main.dart:2449:56 - undefined_getter
  error - The getter 'l10n' isn't defined for the type 'BuildContext'. Try importing the library that defines 'l10n', correcting the name to the name of an existing getter, or defining a getter or field named 'l10n' - lib\main.dart:2713:55 - undefined_getter
  error - The getter 'l10n' isn't defined for the type 'BuildContext'. Try importing the library that defines 'l10n', correcting the name to the name of an existing getter, or defining a getter or field named 'l10n' - lib\main.dart:3210:39 - undefined_getter
  error - The getter 'l10n' isn't defined for the type 'BuildContext'. Try importing the library that defines 'l10n', correcting the name to the name of an existing getter, or defining a getter or field named 'l10n' - lib\main.dart:3255:52 - undefined_getter
  error - The getter 'l10n' isn't defined for the type 'BuildContext'. Try importing the library that defines 'l10n', correcting the name to the name of an existing getter, or defining a getter or field named 'l10n' - lib\main.dart:3407:115 - undefined_getter
  error - The getter 'l10n' isn't defined for the type 'BuildContext'. Try importing the library that defines 'l10n', correcting the name to the name of an existing getter, or defining a getter or field named 'l10n' - lib\main.dart:3493:76 - undefined_getter
  error - The getter 'l10n' isn't defined for the type 'BuildContext'. Try importing the library that defines 'l10n', correcting the name to the name of an existing getter, or defining a getter or field named 'l10n' - lib\main.dart:3498:32 - undefined_getter
  error - The getter 'l10n' isn't defined for the type 'BuildContext'. Try importing the library that defines 'l10n', correcting the name to the name of an existing getter, or defining a getter or field named 'l10n' - lib\main.dart:3505:79 - undefined_getter
  error - The getter 'l10n' isn't defined for the type 'BuildContext'. Try importing the library that defines 'l10n', correcting the name to the name of an existing getter, or defining a getter or field named 'l10n' - lib\main.dart:3506:85 - undefined_getter
  error - Invalid constant value - lib\main.dart:3686:15 - invalid_constant
  error - The getter 'l10n' isn't defined for the type 'BuildContext'. Try importing the library that defines 'l10n', correcting the name to the name of an existing getter, or defining a getter or field named 'l10n' - lib\main.dart:3686:23 - undefined_getter
  error - The getter 'l10n' isn't defined for the type 'BuildContext'. Try importing the library that defines 'l10n', correcting the name to the name of an existing getter, or defining a getter or field named 'l10n' - lib\main.dart:3714:35 - undefined_getter
  error - The getter 'l10n' isn't defined for the type 'BuildContext'. Try importing the library that defines 'l10n', correcting the name to the name of an existing getter, or defining a getter or field named 'l10n' - lib\main.dart:3716:19 - undefined_getter
  error - The getter 'l10n' isn't defined for the type 'BuildContext'. Try importing the library that defines 'l10n', correcting the name to the name of an existing getter, or defining a getter or field named 'l10n' - lib\main.dart:3718:35 - undefined_getter
  error - The getter 'l10n' isn't defined for the type 'BuildContext'. Try importing the library that defines 'l10n', correcting the name to the name of an existing getter, or defining a getter or field named 'l10n' - lib\main.dart:3749:35 - undefined_getter
  error - The getter 'l10n' isn't defined for the type 'BuildContext'. Try importing the library that defines 'l10n', correcting the name to the name of an existing getter, or defining a getter or field named 'l10n' - lib\main.dart:3751:35 - undefined_getter
  error - The getter 'l10n' isn't defined for the type 'BuildContext'. Try importing the library that defines 'l10n', correcting the name to the name of an existing getter, or defining a getter or field named 'l10n' - lib\main.dart:3753:35 - undefined_getter
  error - The getter 'l10n' isn't defined for the type 'BuildContext'. Try importing the library that defines 'l10n', correcting the name to the name of an existing getter, or defining a getter or field named 'l10n' - lib\main.dart:3756:146 - undefined_getter
  error - The getter 'l10n' isn't defined for the type 'BuildContext'. Try importing the library that defines 'l10n', correcting the name to the name of an existing getter, or defining a getter or field named 'l10n' - lib\main.dart:3758:35 - undefined_getter
  error - The getter 'l10n' isn't defined for the type 'BuildContext'. Try importing the library that defines 'l10n', correcting the name to the name of an existing getter, or defining a getter or field named 'l10n' - lib\main.dart:3760:35 - undefined_getter
  error - The getter 'l10n' isn't defined for the type 'BuildContext'. Try importing the library that defines 'l10n', correcting the name to the name of an existing getter, or defining a getter or field named 'l10n' - lib\main.dart:3932:35 - undefined_getter
  error - The getter 'l10n' isn't defined for the type 'BuildContext'. Try importing the library that defines 'l10n', correcting the name to the name of an existing getter, or defining a getter or field named 'l10n' - lib\main.dart:3962:115 - undefined_getter
  error - The getter 'l10n' isn't defined for the type 'BuildContext'. Try importing the library that defines 'l10n', correcting the name to the name of an existing getter, or defining a getter or field named 'l10n' - lib\main.dart:3989:140 - undefined_getter
  error - Invalid constant value - lib\screens\employee_missions_screen.dart:84:13 - invalid_constant
  error - Invalid constant value - lib\screens\employee_missions_screen.dart:397:26 - invalid_constant
  error - Invalid constant value - lib\screens\employee_missions_screen.dart:415:26 - invalid_constant
  error - Invalid constant value - lib\screens\employee_missions_screen.dart:425:26 - invalid_constant
  error - Invalid constant value - lib\screens\first_launch_language_screen.dart:57:19 - invalid_constant
  error - Invalid constant value - lib\screens\manager\create_announcement_screen.dart:205:38 - invalid_constant
  error - Invalid constant value - lib\screens\manager\create_mission_screen.dart:289:40 - invalid_constant
  error - Invalid constant value - lib\screens\manager\create_mission_screen.dart:376:40 - invalid_constant
  error - Invalid constant value - lib\screens\manager\create_mission_screen.dart:385:40 - invalid_constant
  error - Invalid constant value - lib\screens\manager\manager_missions_screen.dart:296:43 - invalid_constant
  error - Invalid constant value - lib\screens\manager\manager_missions_screen.dart:389:68 - invalid_constant
  error - Invalid constant value - lib\screens\manager\mission_detail_screen.dart:95:30 - invalid_constant
  error - Invalid constant value - lib\screens\manager\mission_detail_screen.dart:284:27 - invalid_constant
  error - Invalid constant value - lib\screens\manager\mission_detail_screen.dart:582:32 - invalid_constant
  error - Invalid constant value - lib\screens\manager\mission_detail_screen.dart:597:32 - invalid_constant
  error - Invalid constant value - lib\screens\manager\mission_detail_screen.dart:706:17 - invalid_constant
  error - Invalid constant value - lib\screens\manager\mission_detail_screen.dart:726:42 - invalid_constant
  error - Invalid constant value - lib\screens\manager\organization_tree_screen.dart:70:39 - invalid_constant
  error - Invalid constant value - lib\screens\manager\payroll\payroll_employee_detail_screen.dart:37:42 - invalid_constant
  error - Invalid constant value - lib\screens\manager\payroll\payroll_settings_screen.dart:31:42 - invalid_constant
  error - Invalid constant value - lib\screens\manager\reports\work_hours_report_screen.dart:35:42 - invalid_constant
  error - Invalid constant value - lib\screens\settings_screen.dart:100:28 - invalid_constant
